--- System Status Log: Thu Oct  9 12:42:02 PM EDT 2025 ---
Uptime:
 12:42:02 up 45 min,  2 users,  load average: 0.13, 0.47, 0.42

Memory Usage:
               total        used        free      shared  buff/cache   available
Mem:           4.3Gi       2.7Gi       234Mi        67Mi       1.6Gi       1.6Gi
Swap:          3.2Gi       256Ki       3.2Gi

Disk Usage:
Filesystem      Size  Used Avail Use% Mounted on
/dev/nvme0n1p2   19G  9.6G  8.1G  55% /
-----------------------------------

--- System Status Log: Thu Oct  9 12:43:01 PM EDT 2025 ---
Uptime:
 12:43:01 up 46 min,  2 users,  load average: 0.96, 0.63, 0.47

Memory Usage:
               total        used        free      shared  buff/cache   available
Mem:           4.3Gi       2.6Gi       279Mi        67Mi       1.6Gi       1.6Gi
Swap:          3.2Gi       256Ki       3.2Gi

Disk Usage:
Filesystem      Size  Used Avail Use% Mounted on
/dev/nvme0n1p2   19G  9.6G  8.1G  55% /
-----------------------------------

--- System Status Log: Thu Oct  9 12:44:01 PM EDT 2025 ---
Uptime:
 12:44:01 up 47 min,  2 users,  load average: 0.57, 0.58, 0.47

Memory Usage:
               total        used        free      shared  buff/cache   available
Mem:           4.3Gi       2.6Gi       277Mi        67Mi       1.6Gi       1.6Gi
Swap:          3.2Gi       256Ki       3.2Gi

Disk Usage:
Filesystem      Size  Used Avail Use% Mounted on
/dev/nvme0n1p2   19G  9.6G  8.1G  55% /
-----------------------------------

--- System Status Log: Thu Oct  9 12:45:01 PM EDT 2025 ---
Uptime:
 12:45:01 up 48 min,  2 users,  load average: 0.67, 0.60, 0.48

Memory Usage:
               total        used        free      shared  buff/cache   available
Mem:           4.3Gi       2.8Gi       111Mi        67Mi       1.6Gi       1.4Gi
Swap:          3.2Gi       256Ki       3.2Gi

Disk Usage:
Filesystem      Size  Used Avail Use% Mounted on
/dev/nvme0n1p2   19G  9.6G  8.1G  55% /
-----------------------------------

--- System Status Log: Thu Oct  9 12:46:01 PM EDT 2025 ---
Uptime:
 12:46:01 up 49 min,  2 users,  load average: 0.32, 0.51, 0.45

Memory Usage:
               total        used        free      shared  buff/cache   available
Mem:           4.3Gi       2.7Gi       295Mi        67Mi       1.6Gi       1.6Gi
Swap:          3.2Gi       256Ki       3.2Gi

Disk Usage:
Filesystem      Size  Used Avail Use% Mounted on
/dev/nvme0n1p2   19G  9.6G  8.1G  55% /
-----------------------------------

--- System Status Log: Thu Oct  9 12:47:01 PM EDT 2025 ---
Uptime:
 12:47:01 up 50 min,  2 users,  load average: 0.30, 0.46, 0.44

Memory Usage:
               total        used        free      shared  buff/cache   available
Mem:           4.3Gi       2.7Gi       282Mi        67Mi       1.6Gi       1.6Gi
Swap:          3.2Gi       256Ki       3.2Gi

Disk Usage:
Filesystem      Size  Used Avail Use% Mounted on
/dev/nvme0n1p2   19G  9.6G  8.1G  55% /
-----------------------------------

--- System Status Log: Thu Oct  9 12:48:01 PM EDT 2025 ---
Uptime:
 12:48:01 up 51 min,  2 users,  load average: 0.15, 0.39, 0.41

Memory Usage:
               total        used        free      shared  buff/cache   available
Mem:           4.3Gi       2.7Gi       183Mi        68Mi       1.6Gi       1.6Gi
Swap:          3.2Gi       256Ki       3.2Gi

Disk Usage:
Filesystem      Size  Used Avail Use% Mounted on
/dev/nvme0n1p2   19G  9.6G  8.1G  55% /
-----------------------------------

--- System Status Log: Thu Oct  9 12:49:01 PM EDT 2025 ---
Uptime:
 12:49:01 up 52 min,  2 users,  load average: 0.09, 0.33, 0.39

Memory Usage:
               total        used        free      shared  buff/cache   available
Mem:           4.3Gi       2.7Gi       168Mi        68Mi       1.6Gi       1.5Gi
Swap:          3.2Gi       256Ki       3.2Gi

Disk Usage:
Filesystem      Size  Used Avail Use% Mounted on
/dev/nvme0n1p2   19G  9.6G  8.1G  55% /
-----------------------------------

--- System Status Log: Thu Oct  9 12:50:01 PM EDT 2025 ---
Uptime:
 12:50:01 up 53 min,  2 users,  load average: 0.03, 0.27, 0.36

Memory Usage:
               total        used        free      shared  buff/cache   available
Mem:           4.3Gi       2.7Gi       183Mi        68Mi       1.6Gi       1.6Gi
Swap:          3.2Gi       256Ki       3.2Gi

Disk Usage:
Filesystem      Size  Used Avail Use% Mounted on
/dev/nvme0n1p2   19G  9.6G  8.1G  55% /
-----------------------------------

--- System Status Log: Thu Oct  9 12:51:01 PM EDT 2025 ---
Uptime:
 12:51:01 up 54 min,  2 users,  load average: 0.01, 0.22, 0.34

Memory Usage:
               total        used        free      shared  buff/cache   available
Mem:           4.3Gi       2.7Gi       183Mi        68Mi       1.6Gi       1.6Gi
Swap:          3.2Gi       256Ki       3.2Gi

Disk Usage:
Filesystem      Size  Used Avail Use% Mounted on
/dev/nvme0n1p2   19G  9.6G  8.1G  55% /
-----------------------------------

--- System Status Log: Fri Oct 17 09:11:48 AM EDT 2025 ---
Uptime:
 09:11:48 up 55 min,  2 users,  load average: 0.78, 0.39, 0.39

Memory Usage:
               total        used        free      shared  buff/cache   available
Mem:           4.3Gi       2.9Gi       138Mi        68Mi       1.5Gi       1.4Gi
Swap:          3.2Gi       3.0Mi       3.2Gi

Disk Usage:
Filesystem      Size  Used Avail Use% Mounted on
/dev/nvme0n1p2   19G  9.9G  7.8G  56% /
-----------------------------------

--- System Status Log: Fri Oct 17 09:12:01 AM EDT 2025 ---
Uptime:
 09:12:01 up 55 min,  2 users,  load average: 1.04, 0.47, 0.42

Memory Usage:
               total        used        free      shared  buff/cache   available
Mem:           4.3Gi       2.8Gi       335Mi        68Mi       1.4Gi       1.5Gi
Swap:          3.2Gi       7.0Mi       3.2Gi

Disk Usage:
Filesystem      Size  Used Avail Use% Mounted on
/dev/nvme0n1p2   19G  9.4G  8.4G  53% /
-----------------------------------

--- System Status Log: Fri Oct 17 09:13:01 AM EDT 2025 ---
Uptime:
 09:13:01 up 56 min,  2 users,  load average: 0.67, 0.46, 0.41

Memory Usage:
               total        used        free      shared  buff/cache   available
Mem:           4.3Gi       2.8Gi       328Mi        69Mi       1.4Gi       1.5Gi
Swap:          3.2Gi       7.0Mi       3.2Gi

Disk Usage:
Filesystem      Size  Used Avail Use% Mounted on
/dev/nvme0n1p2   19G  9.4G  8.4G  53% /
-----------------------------------

--- System Status Log: Fri Oct 17 09:14:01 AM EDT 2025 ---
Uptime:
 09:14:01 up 57 min,  2 users,  load average: 0.38, 0.42, 0.40

Memory Usage:
               total        used        free      shared  buff/cache   available
Mem:           4.3Gi       3.0Gi       141Mi        71Mi       1.4Gi       1.3Gi
Swap:          3.2Gi       7.0Mi       3.2Gi

Disk Usage:
Filesystem      Size  Used Avail Use% Mounted on
/dev/nvme0n1p2   19G  9.4G  8.3G  54% /
-----------------------------------

--- System Status Log: Fri Oct 17 09:15:01 AM EDT 2025 ---
Uptime:
 09:15:01 up 58 min,  2 users,  load average: 0.40, 0.43, 0.41

Memory Usage:
               total        used        free      shared  buff/cache   available
Mem:           4.3Gi       3.0Gi       146Mi        71Mi       1.4Gi       1.3Gi
Swap:          3.2Gi       7.0Mi       3.2Gi

Disk Usage:
Filesystem      Size  Used Avail Use% Mounted on
/dev/nvme0n1p2   19G  9.4G  8.3G  54% /
-----------------------------------

--- System Status Log: Fri Oct 17 09:16:01 AM EDT 2025 ---
Uptime:
 09:16:01 up 59 min,  2 users,  load average: 0.66, 0.53, 0.44

Memory Usage:
               total        used        free      shared  buff/cache   available
Mem:           4.3Gi       3.1Gi       128Mi        68Mi       1.3Gi       1.2Gi
Swap:          3.2Gi        13Mi       3.2Gi

Disk Usage:
Filesystem      Size  Used Avail Use% Mounted on
/dev/nvme0n1p2   19G  9.4G  8.3G  54% /
-----------------------------------

--- System Status Log: Fri Oct 17 09:17:01 AM EDT 2025 ---
Uptime:
 09:17:01 up  1:00,  2 users,  load average: 0.56, 0.51, 0.44

Memory Usage:
               total        used        free      shared  buff/cache   available
Mem:           4.3Gi       3.0Gi       222Mi        68Mi       1.3Gi       1.3Gi
Swap:          3.2Gi        13Mi       3.2Gi

Disk Usage:
Filesystem      Size  Used Avail Use% Mounted on
/dev/nvme0n1p2   19G  9.4G  8.3G  54% /
-----------------------------------

--- System Status Log: Fri Oct 17 09:18:01 AM EDT 2025 ---
Uptime:
 09:18:01 up  1:01,  2 users,  load average: 0.29, 0.44, 0.42

Memory Usage:
               total        used        free      shared  buff/cache   available
Mem:           4.3Gi       3.0Gi       223Mi        68Mi       1.3Gi       1.3Gi
Swap:          3.2Gi        13Mi       3.2Gi

Disk Usage:
Filesystem      Size  Used Avail Use% Mounted on
/dev/nvme0n1p2   19G  9.4G  8.3G  54% /
-----------------------------------

--- System Status Log: Fri Oct 17 09:19:01 AM EDT 2025 ---
Uptime:
 09:19:01 up  1:02,  2 users,  load average: 0.15, 0.37, 0.40

Memory Usage:
               total        used        free      shared  buff/cache   available
Mem:           4.3Gi       2.9Gi       239Mi        68Mi       1.4Gi       1.4Gi
Swap:          3.2Gi        13Mi       3.2Gi

Disk Usage:
Filesystem      Size  Used Avail Use% Mounted on
/dev/nvme0n1p2   19G  9.4G  8.3G  54% /
-----------------------------------

--- System Status Log: Fri Oct 17 09:20:01 AM EDT 2025 ---
Uptime:
 09:20:01 up  1:03,  2 users,  load average: 0.12, 0.32, 0.38

Memory Usage:
               total        used        free      shared  buff/cache   available
Mem:           4.3Gi       2.8Gi       333Mi        68Mi       1.4Gi       1.5Gi
Swap:          3.2Gi        13Mi       3.2Gi

Disk Usage:
Filesystem      Size  Used Avail Use% Mounted on
/dev/nvme0n1p2   19G  9.4G  8.3G  54% /
-----------------------------------

--- System Status Log: Fri Oct 17 09:21:01 AM EDT 2025 ---
Uptime:
 09:21:01 up  1:04,  2 users,  load average: 0.10, 0.27, 0.36

Memory Usage:
               total        used        free      shared  buff/cache   available
Mem:           4.3Gi       2.8Gi       339Mi        68Mi       1.4Gi       1.5Gi
Swap:          3.2Gi        13Mi       3.2Gi

Disk Usage:
Filesystem      Size  Used Avail Use% Mounted on
/dev/nvme0n1p2   19G  9.4G  8.3G  54% /
-----------------------------------

--- System Status Log: Fri Oct 17 09:22:02 AM EDT 2025 ---
Uptime:
 09:22:02 up  1:05,  2 users,  load average: 0.09, 0.24, 0.34

Memory Usage:
               total        used        free      shared  buff/cache   available
Mem:           4.3Gi       2.9Gi       200Mi        71Mi       1.4Gi       1.3Gi
Swap:          3.2Gi        13Mi       3.2Gi

Disk Usage:
Filesystem      Size  Used Avail Use% Mounted on
/dev/nvme0n1p2   19G  9.4G  8.3G  54% /
-----------------------------------

--- System Status Log: Fri Oct 17 09:23:01 AM EDT 2025 ---
Uptime:
 09:23:01 up  1:06,  2 users,  load average: 0.34, 0.27, 0.34

Memory Usage:
               total        used        free      shared  buff/cache   available
Mem:           4.3Gi       3.0Gi       118Mi        74Mi       1.4Gi       1.3Gi
Swap:          3.2Gi        12Mi       3.2Gi

Disk Usage:
Filesystem      Size  Used Avail Use% Mounted on
/dev/nvme0n1p2   19G  9.4G  8.3G  54% /
-----------------------------------

